// Jest Snapshot v1, https://goo.gl/fbAQLP

exports[`Game matches snapshot 1`] = `
<View
  style={
    Object {
      "alignItems": "center",
      "display": "flex",
      "flex": 1,
      "justifyContent": "center",
    }
  }
>
  <Text
    style={
      Object {
        "fontSize": 20,
        "marginBottom": 50,
      }
    }
  >
    's turn (X)
  </Text>
  <View
    style={
      Object {
        "borderStyle": "solid",
        "borderWidth": 1,
        "display": "flex",
        "flexDirection": "row",
        "flexWrap": "wrap",
        "width": 302,
      }
    }
  >
    <View
      accessibilityHint="Tap to place an null"
      accessible={true}
      focusable={true}
      onClick={[Function]}
      onResponderGrant={[Function]}
      onResponderMove={[Function]}
      onResponderRelease={[Function]}
      onResponderTerminate={[Function]}
      onResponderTerminationRequest={[Function]}
      onStartShouldSetResponder={[Function]}
      style={
        Object {
          "alignItems": "center",
          "borderStyle": "solid",
          "borderWidth": 1,
          "display": "flex",
          "height": 100,
          "justifyContent": "center",
          "opacity": 1,
          "width": 100,
        }
      }
      testID="square0"
    >
      <Text
        style={
          Object {
            "fontSize": 30,
          }
        }
      >
        
      </Text>
    </View>
    <View
      accessibilityHint="Tap to place an null"
      accessible={true}
      focusable={true}
      onClick={[Function]}
      onResponderGrant={[Function]}
      onResponderMove={[Function]}
      onResponderRelease={[Function]}
      onResponderTerminate={[Function]}
      onResponderTerminationRequest={[Function]}
      onStartShouldSetResponder={[Function]}
      style={
        Object {
          "alignItems": "center",
          "borderStyle": "solid",
          "borderWidth": 1,
          "display": "flex",
          "height": 100,
          "justifyContent": "center",
          "opacity": 1,
          "width": 100,
        }
      }
      testID="square1"
    >
      <Text
        style={
          Object {
            "fontSize": 30,
          }
        }
      >
        
      </Text>
    </View>
    <View
      accessibilityHint="Tap to place an null"
      accessible={true}
      focusable={true}
      onClick={[Function]}
      onResponderGrant={[Function]}
      onResponderMove={[Function]}
      onResponderRelease={[Function]}
      onResponderTerminate={[Function]}
      onResponderTerminationRequest={[Function]}
      onStartShouldSetResponder={[Function]}
      style={
        Object {
          "alignItems": "center",
          "borderStyle": "solid",
          "borderWidth": 1,
          "display": "flex",
          "height": 100,
          "justifyContent": "center",
          "opacity": 1,
          "width": 100,
        }
      }
      testID="square2"
    >
      <Text
        style={
          Object {
            "fontSize": 30,
          }
        }
      >
        
      </Text>
    </View>
    <View
      accessibilityHint="Tap to place an null"
      accessible={true}
      focusable={true}
      onClick={[Function]}
      onResponderGrant={[Function]}
      onResponderMove={[Function]}
      onResponderRelease={[Function]}
      onResponderTerminate={[Function]}
      onResponderTerminationRequest={[Function]}
      onStartShouldSetResponder={[Function]}
      style={
        Object {
          "alignItems": "center",
          "borderStyle": "solid",
          "borderWidth": 1,
          "display": "flex",
          "height": 100,
          "justifyContent": "center",
          "opacity": 1,
          "width": 100,
        }
      }
      testID="square3"
    >
      <Text
        style={
          Object {
            "fontSize": 30,
          }
        }
      >
        
      </Text>
    </View>
    <View
      accessibilityHint="Tap to place an null"
      accessible={true}
      focusable={true}
      onClick={[Function]}
      onResponderGrant={[Function]}
      onResponderMove={[Function]}
      onResponderRelease={[Function]}
      onResponderTerminate={[Function]}
      onResponderTerminationRequest={[Function]}
      onStartShouldSetResponder={[Function]}
      style={
        Object {
          "alignItems": "center",
          "borderStyle": "solid",
          "borderWidth": 1,
          "display": "flex",
          "height": 100,
          "justifyContent": "center",
          "opacity": 1,
          "width": 100,
        }
      }
      testID="square4"
    >
      <Text
        style={
          Object {
            "fontSize": 30,
          }
        }
      >
        
      </Text>
    </View>
    <View
      accessibilityHint="Tap to place an null"
      accessible={true}
      focusable={true}
      onClick={[Function]}
      onResponderGrant={[Function]}
      onResponderMove={[Function]}
      onResponderRelease={[Function]}
      onResponderTerminate={[Function]}
      onResponderTerminationRequest={[Function]}
      onStartShouldSetResponder={[Function]}
      style={
        Object {
          "alignItems": "center",
          "borderStyle": "solid",
          "borderWidth": 1,
          "display": "flex",
          "height": 100,
          "justifyContent": "center",
          "opacity": 1,
          "width": 100,
        }
      }
      testID="square5"
    >
      <Text
        style={
          Object {
            "fontSize": 30,
          }
        }
      >
        
      </Text>
    </View>
    <View
      accessibilityHint="Tap to place an null"
      accessible={true}
      focusable={true}
      onClick={[Function]}
      onResponderGrant={[Function]}
      onResponderMove={[Function]}
      onResponderRelease={[Function]}
      onResponderTerminate={[Function]}
      onResponderTerminationRequest={[Function]}
      onStartShouldSetResponder={[Function]}
      style={
        Object {
          "alignItems": "center",
          "borderStyle": "solid",
          "borderWidth": 1,
          "display": "flex",
          "height": 100,
          "justifyContent": "center",
          "opacity": 1,
          "width": 100,
        }
      }
      testID="square6"
    >
      <Text
        style={
          Object {
            "fontSize": 30,
          }
        }
      >
        
      </Text>
    </View>
    <View
      accessibilityHint="Tap to place an null"
      accessible={true}
      focusable={true}
      onClick={[Function]}
      onResponderGrant={[Function]}
      onResponderMove={[Function]}
      onResponderRelease={[Function]}
      onResponderTerminate={[Function]}
      onResponderTerminationRequest={[Function]}
      onStartShouldSetResponder={[Function]}
      style={
        Object {
          "alignItems": "center",
          "borderStyle": "solid",
          "borderWidth": 1,
          "display": "flex",
          "height": 100,
          "justifyContent": "center",
          "opacity": 1,
          "width": 100,
        }
      }
      testID="square7"
    >
      <Text
        style={
          Object {
            "fontSize": 30,
          }
        }
      >
        
      </Text>
    </View>
    <View
      accessibilityHint="Tap to place an null"
      accessible={true}
      focusable={true}
      onClick={[Function]}
      onResponderGrant={[Function]}
      onResponderMove={[Function]}
      onResponderRelease={[Function]}
      onResponderTerminate={[Function]}
      onResponderTerminationRequest={[Function]}
      onStartShouldSetResponder={[Function]}
      style={
        Object {
          "alignItems": "center",
          "borderStyle": "solid",
          "borderWidth": 1,
          "display": "flex",
          "height": 100,
          "justifyContent": "center",
          "opacity": 1,
          "width": 100,
        }
      }
      testID="square8"
    >
      <Text
        style={
          Object {
            "fontSize": 30,
          }
        }
      >
        
      </Text>
    </View>
  </View>
</View>
`;
