// Jest Snapshot v1, https://goo.gl/fbAQLP

exports[`SetupPlayers matches snapshot 1`] = `
<View
  style={
    Object {
      "alignItems": "center",
      "marginTop": 70,
    }
  }
>
  <Text
    style={
      Object {
        "fontSize": 30,
        "marginBottom": 50,
        "textAlign": "center",
      }
    }
  >
    Enter Player Names
  </Text>
  <View
    style={
      Object {
        "alignItems": "center",
        "borderStyle": "solid",
        "borderWidth": 1,
        "display": "flex",
        "flexDirection": "row",
        "fontSize": 18,
        "height": 40,
        "marginBottom": 30,
        "paddingLeft": 5,
        "width": 300,
      }
    }
  >
    <Text>
      Player X: 
    </Text>
    <TextInput
      accessibilityHint="Enter name for Player X"
      allowFontScaling={true}
      autoCompleteType="off"
      autoCorrect={false}
      autoFocus={true}
      onChangeText={[Function]}
      onSubmitEditing={[Function]}
      placeholder="Enter name"
      rejectResponderTermination={true}
      returnKeyType="go"
      style={
        Object {
          "flex": 1,
          "fontSize": 18,
          "fontWeight": "500",
        }
      }
      underlineColorAndroid="transparent"
      value=""
    />
  </View>
  <View
    style={
      Object {
        "alignItems": "center",
        "borderStyle": "solid",
        "borderWidth": 1,
        "display": "flex",
        "flexDirection": "row",
        "fontSize": 18,
        "height": 40,
        "marginBottom": 30,
        "paddingLeft": 5,
        "width": 300,
      }
    }
  >
    <Text>
      Player O: 
    </Text>
    <TextInput
      accessibilityHint="Enter name for Player O"
      allowFontScaling={true}
      autoCompleteType="off"
      autoCorrect={false}
      autoFocus={false}
      onChangeText={[Function]}
      onSubmitEditing={[Function]}
      placeholder="Enter name"
      rejectResponderTermination={true}
      returnKeyType="go"
      style={
        Object {
          "flex": 1,
          "fontSize": 18,
          "fontWeight": "500",
        }
      }
      underlineColorAndroid="transparent"
      value=""
    />
  </View>
  <View
    accessibilityHint="Tap to play"
    accessibilityRole="button"
    accessible={true}
    focusable={true}
    onClick={[Function]}
    onResponderGrant={[Function]}
    onResponderMove={[Function]}
    onResponderRelease={[Function]}
    onResponderTerminate={[Function]}
    onResponderTerminationRequest={[Function]}
    onStartShouldSetResponder={[Function]}
    style={
      Object {
        "alignSelf": "center",
        "backgroundColor": "green",
        "borderRadius": 10,
        "borderWidth": 1,
        "opacity": 1,
        "paddingVertical": 12,
        "width": 200,
      }
    }
  >
    <Text
      style={
        Object {
          "color": "white",
          "fontSize": 20,
          "fontWeight": "bold",
          "textAlign": "center",
        }
      }
    >
      Go
    </Text>
  </View>
</View>
`;
